// Jest Snapshot v1, https://goo.gl/fbAQLP

exports[`Page View Analytics should render component 1`] = `<div />`;
