// Jest Snapshot v1, https://goo.gl/fbAQLP

exports[`Register Analytics should render component 1`] = `<div />`;
