// Jest Snapshot v1, https://goo.gl/fbAQLP

exports[`Avatar should render avatar 1`] = `
<body>
  <div>
    <div
      class="avatar"
    />
  </div>
</body>
`;
