// Jest Snapshot v1, https://goo.gl/fbAQLP

exports[`Navigation should render navigation 1`] = `
<body>
  <div>
    <nav>
      <a
        aria-current="page"
        class="active"
        href="/"
      >
        About
      </a>
      <a
        class=""
        href="/highlights"
      >
        Highlights
      </a>
      <a
        class=""
        href="/platforms"
      >
        Platforms
      </a>
    </nav>
    <h2>
      About me
    </h2>
    <p>
      Hi! I'm Clyde D'Souza. I'm a creative and self-driven person who likes to code and do other things. I'm currently working as a senior software engineer at
       
      <a
        href="https://www.xero.com/nz/?ref=clydedsouza.net"
        rel="noreferrer"
        target="_blank"
      >
        Xero
      </a>
      . Previously, I've worked with
       
      <a
        href="https://www.datacom.co.nz/?ref=clydedsouza.net"
        rel="noreferrer"
        target="_blank"
      >
        Datacom
      </a>
       
      and
       
      <a
        href="https://www.heritagehotels.co.nz/?ref=clydedsouza.net"
        rel="noreferrer"
        target="_blank"
      >
        Heritage Hotels
      </a>
      .
    </p>
    <p>
      I was the event director of a non-profit educational event called Light & Spark NPO. I conceptualized and executed this event in Mumbai along with my
       
      <a
        href="https://lightandsparknpo.github.io/team/"
        rel="noreferrer"
        target="_blank"
      >
        amazing team
      </a>
      . Read more about it
       
      <a
        href="https://lightandsparknpo.github.io/2019-11-20-ruia-mumbai-2018/"
        rel="noreferrer"
        target="_blank"
      >
        here
      </a>
      .
    </p>
    <p>
      I've published a book titled Mama, Tell Me a Story which is available on
       
      <a
        href="http://mamatellmeastory.clydedsouza.net/"
        rel="noreferrer"
        target="_blank"
      >
        these platforms
      </a>
      . It's a collection of twelve short bedtime stories that parents will love reading to their kids over and over again. Go buy it now!
    </p>
    <p>
      In my spare time, I like to explore other interests like
       
      <a
        href="https://medium.com/@clydedz"
        rel="noreferrer"
        target="_blank"
      >
        writing
      </a>
      ,
       
      <a
        href="https://www.behance.net/clydedz"
        rel="noreferrer"
        target="_blank"
      >
        designing
      </a>
      ,
       
      <a
        href="https://www.skillshare.com/r/user/clydedsouza"
        rel="noreferrer"
        target="_blank"
      >
        teaching
      </a>
      , and I've also created many
       
      <a
        href="/#/projects"
      >
        other projects
      </a>
      .
    </p>
    <p>
      I'm an alumnus of
       
      <a
        href="https://www.aut.ac.nz/?ref=clydedsouza"
        rel="noreferrer"
        target="_blank"
      >
        Auckland University of Technology (AUT)
      </a>
       
      with a Postgraduate Diploma in Computer and Information Sciences and holds a Bachelor of Science degree specializing in Information Technology from University of Mumbai, India.
    </p>
    <h2>
      Highlights
    </h2>
    <div
      id="pinnedProjects"
    >
      <div
        id="pinnedProjectsList"
      >
        <p>
          Couldnâ€˜t load the data at this stage
        </p>
      </div>
    </div>
  </div>
</body>
`;
