// Jest Snapshot v1, https://goo.gl/fbAQLP

exports[`About me should render about me 1`] = `
<body>
  <div>
    <h2>
      About me
    </h2>
    <p>
      Hi! I'm Clyde D'Souza. I'm a creative and self-driven person who likes to code and do other things. I'm currently working as a senior software engineer at
       
      <a
        href="https://www.xero.com/nz/?ref=clydedsouza.net"
        rel="noreferrer"
        target="_blank"
      >
        Xero
      </a>
      . Previously, I've worked with
       
      <a
        href="https://www.datacom.co.nz/?ref=clydedsouza.net"
        rel="noreferrer"
        target="_blank"
      >
        Datacom
      </a>
       
      and
       
      <a
        href="https://www.heritagehotels.co.nz/?ref=clydedsouza.net"
        rel="noreferrer"
        target="_blank"
      >
        Heritage Hotels
      </a>
      .
    </p>
    <p>
      I was the event director of a non-profit educational event called Light & Spark NPO. I conceptualized and executed this event in Mumbai along with my
       
      <a
        href="https://lightandsparknpo.github.io/team/"
        rel="noreferrer"
        target="_blank"
      >
        amazing team
      </a>
      . Read more about it
       
      <a
        href="https://lightandsparknpo.github.io/2019-11-20-ruia-mumbai-2018/"
        rel="noreferrer"
        target="_blank"
      >
        here
      </a>
      .
    </p>
    <p>
      I've published a book titled Mama, Tell Me a Story which is available on
       
      <a
        href="http://mamatellmeastory.clydedsouza.net/"
        rel="noreferrer"
        target="_blank"
      >
        these platforms
      </a>
      . It's a collection of twelve short bedtime stories that parents will love reading to their kids over and over again. Go buy it now!
    </p>
    <p>
      In my spare time, I like to explore other interests like
       
      <a
        href="https://medium.com/@clydedz"
        rel="noreferrer"
        target="_blank"
      >
        writing
      </a>
      ,
       
      <a
        href="https://www.behance.net/clydedz"
        rel="noreferrer"
        target="_blank"
      >
        designing
      </a>
      ,
       
      <a
        href="https://www.skillshare.com/r/user/clydedsouza"
        rel="noreferrer"
        target="_blank"
      >
        teaching
      </a>
      , and I've also created many
       
      <a
        href="/#/projects"
      >
        other projects
      </a>
      .
    </p>
    <p>
      I'm an alumnus of
       
      <a
        href="https://www.aut.ac.nz/?ref=clydedsouza"
        rel="noreferrer"
        target="_blank"
      >
        Auckland University of Technology (AUT)
      </a>
       
      with a Postgraduate Diploma in Computer and Information Sciences and holds a Bachelor of Science degree specializing in Information Technology from University of Mumbai, India.
    </p>
    <br />
    <h2>
      Highlights
    </h2>
    <div
      id="pinnedProjects"
    >
      <div
        id="pinnedProjectsList"
      >
        <div
          class="project-tile"
        >
          <div>
            <span>
              Graphic Design
            </span>
          </div>
          <div>
            <h3>
              Tulips cover page designs
            </h3>
            <p>
              I was responsible for designing the cover page for Tulips - a church bulletin. Each cover page was designed in accordance to a theme for that particular issue and conveyed the underlying meaning of the theme.
            </p>
            <div
              class="made-using"
            >
              <span>
                Photoshop
              </span>
            </div>
          </div>
        </div>
        <div
          class="project-tile"
        >
          <div>
            <span>
              Website
            </span>
          </div>
          <div>
            <h3>
              Profile Sticker
            </h3>
            <p>
              Profile Sticker is a web app that allows a user to add a sticker from different themes to their profile picture. The user can choose to upload a picture from and download to a computer or Facebook.
            </p>
            <div
              class="made-using"
            >
              <span>
                HTML
              </span>
              <span>
                CSS
              </span>
              <span>
                SCSS
              </span>
              <span>
                JavaScript
              </span>
              <span>
                Mustache.js
              </span>
            </div>
            <div
              class="project-links"
            >
              <a
                href="https://profilesticker.net"
                rel="noreferrer"
                target="_blank"
              >
                <i
                  class="fas fa-globe"
                />
              </a>
              <a
                href="https://github.com/profilesticker/profilesticker.github.io/"
                rel="noreferrer"
                target="_blank"
              >
                <i
                  class="fab fa-github"
                />
              </a>
            </div>
          </div>
        </div>
      </div>
    </div>
  </div>
</body>
`;
